[debug] [2026-09-15T15:30:24.962Z] ----------------------------------------------------------------------
[debug] [2026-09-15T15:30:24.999Z] Command:       C:\Program Files\nodejs\node.exe C:\Users\Aryan Kumar\AppData\Roaming\npm\node_modules\firebase-tools\lib\bin\firebase.js serve
[debug] [2026-09-15T15:30:24.999Z] CLI Version:   15.29.0
[debug] [2026-09-15T15:30:25.000Z] Platform:      win32
[debug] [2026-09-15T15:30:25.000Z] Node Version:  v24.19.0
[debug] [2026-09-15T15:30:25.000Z] Detected Agent: unknown
[debug] [2026-09-15T15:30:25.000Z] Time:          Tue Sep 15 2026 21:00:25 GMT+0530 (India Standard Time)
[debug] [2026-09-15T15:30:25.000Z] ----------------------------------------------------------------------
[debug] 
[debug] [2026-09-15T15:31:02.160Z] > command requires scopes: ["email","openid","https://www.googleapis.com/auth/cloudplatformprojects.readonly","https://www.googleapis.com/auth/firebase","https://www.googleapis.com/auth/cloud-platform"]
[debug] [2026-09-15T15:31:02.160Z] > authorizing via signed-in user (skullgate.mystery5@gmail.com)
[debug] [2026-09-15T15:31:02.160Z] [iam] checking project onlineprint4u-a5468 for permissions ["firebase.projects.get"]
[debug] [2026-09-15T15:31:02.162Z] Checked if tokens are valid: true, expires at: 1789489095591
[debug] [2026-09-15T15:31:02.162Z] Checked if tokens are valid: true, expires at: 1789489095591
[debug] [2026-09-15T15:31:02.162Z] >>> [apiv2][query] POST https://cloudresourcemanager.googleapis.com/v1/projects/onlineprint4u-a5468:testIamPermissions [none]
[debug] [2026-09-15T15:31:02.163Z] >>> [apiv2][(partial)header] POST https://cloudresourcemanager.googleapis.com/v1/projects/onlineprint4u-a5468:testIamPermissions  x-goog-user-project=onlineprint4u-a5468
[debug] [2026-09-15T15:31:02.163Z] >>> [apiv2][body] POST https://cloudresourcemanager.googleapis.com/v1/projects/onlineprint4u-a5468:testIamPermissions {"permissions":["firebase.projects.get"]}
[debug] [2026-09-15T15:31:04.270Z] <<< [apiv2][status] POST https://cloudresourcemanager.googleapis.com/v1/projects/onlineprint4u-a5468:testIamPermissions 200
[debug] [2026-09-15T15:31:04.271Z] <<< [apiv2][body] POST https://cloudresourcemanager.googleapis.com/v1/projects/onlineprint4u-a5468:testIamPermissions {"permissions":["firebase.projects.get"]}
[debug] [2026-09-15T15:31:04.276Z] Checked if tokens are valid: true, expires at: 1789489095591
[debug] [2026-09-15T15:31:04.276Z] Checked if tokens are valid: true, expires at: 1789489095591
[debug] [2026-09-15T15:31:04.276Z] >>> [apiv2][query] GET https://cloudresourcemanager.googleapis.com/v1/projects/onlineprint4u-a5468 [none]
[debug] [2026-09-15T15:31:04.887Z] <<< [apiv2][status] GET https://cloudresourcemanager.googleapis.com/v1/projects/onlineprint4u-a5468 200
[debug] [2026-09-15T15:31:04.888Z] <<< [apiv2][body] GET https://cloudresourcemanager.googleapis.com/v1/projects/onlineprint4u-a5468 {"projectNumber":"72980058633","projectId":"onlineprint4u-a5468","lifecycleState":"ACTIVE","name":"OnlinePrint4U","labels":{"firebase":"enabled","firebase-core":"disabled"},"createTime":"2026-08-07T09:07:26.602Z"}
[info] 
[info] === Serving from 'C:\Users\Aryan Kumar\Documents\GitHub\onlineprint4u'...
[info] 
[debug] [2026-09-15T15:31:04.975Z] defaultcredentials: writing to file C:\Users\Aryan Kumar\AppData\Roaming\firebase\skullgate_mystery5_gmail.com_application_default_credentials.json
[debug] [2026-09-15T15:31:04.980Z] Setting GAC to C:\Users\Aryan Kumar\AppData\Roaming\firebase\skullgate_mystery5_gmail.com_application_default_credentials.json {"metadata":{"emulator":{"name":"functions"},"message":"Setting GAC to C:\\Users\\Aryan Kumar\\AppData\\Roaming\\firebase\\skullgate_mystery5_gmail.com_application_default_credentials.json"}}
[debug] [2026-09-15T15:31:04.981Z] Checked if tokens are valid: true, expires at: 1789489095591
[debug] [2026-09-15T15:31:04.981Z] Checked if tokens are valid: true, expires at: 1789489095591
[debug] [2026-09-15T15:31:04.981Z] >>> [apiv2][query] GET https://firebase.googleapis.com/v1beta1/projects/onlineprint4u-a5468/adminSdkConfig [none]
[debug] [2026-09-15T15:31:06.313Z] <<< [apiv2][status] GET https://firebase.googleapis.com/v1beta1/projects/onlineprint4u-a5468/adminSdkConfig 200
[debug] [2026-09-15T15:31:06.313Z] <<< [apiv2][body] GET https://firebase.googleapis.com/v1beta1/projects/onlineprint4u-a5468/adminSdkConfig {"projectId":"onlineprint4u-a5468","databaseURL":"https://onlineprint4u-a5468-default-rtdb.firebaseio.com","storageBucket":"onlineprint4u-a5468.firebasestorage.app"}
[info] i  functions: Watching "C:\Users\Aryan Kumar\Documents\GitHub\onlineprint4u\functions" for Cloud Functions... {"metadata":{"emulator":{"name":"functions"},"message":"Watching \"C:\\Users\\Aryan Kumar\\Documents\\GitHub\\onlineprint4u\\functions\" for Cloud Functions..."}}
[debug] [2026-09-15T15:31:06.449Z] Validating nodejs source
[debug] [2026-09-15T15:31:16.504Z] checkFunctionsSDKVersion was unable to fetch information from NPM Error: spawnSync C:\WINDOWS\system32\cmd.exe ETIMEDOUT
    at Object.spawnSync (node:internal/child_process:1160:20)
    at Object.spawnSync (node:child_process:928:24)
    at spawn.spawnSync [as sync] (C:\Users\Aryan Kumar\AppData\Roaming\npm\node_modules\firebase-tools\node_modules\cross-spawn\index.js:26:23)
    at Object.getLatestSDKVersion (C:\Users\Aryan Kumar\AppData\Roaming\npm\node_modules\firebase-tools\lib\deploy\functions\runtimes\node\versioning.js:57:25)
    at Object.checkFunctionsSDKVersion (C:\Users\Aryan Kumar\AppData\Roaming\npm\node_modules\firebase-tools\lib\deploy\functions\runtimes\node\versioning.js:79:32)
    at Delegate.validate (C:\Users\Aryan Kumar\AppData\Roaming\npm\node_modules\firebase-tools\lib\deploy\functions\runtimes\node\index.js:85:20)
    at FunctionsEmulator.discoverTriggers (C:\Users\Aryan Kumar\AppData\Roaming\npm\node_modules\firebase-tools\lib\emulator\functionsEmulator.js:352:35)
    at async FunctionsEmulator.loadTriggers (C:\Users\Aryan Kumar\AppData\Roaming\npm\node_modules\firebase-tools\lib\emulator\functionsEmulator.js:404:34)
    at async FunctionsEmulator.connect (C:\Users\Aryan Kumar\AppData\Roaming\npm\node_modules\firebase-tools\lib\emulator\functionsEmulator.js:274:13)
    at async FunctionsServer.connect (C:\Users\Aryan Kumar\AppData\Roaming\npm\node_modules\firebase-tools\lib\serve\functions.js:83:9)
[debug] [2026-09-15T15:31:16.505Z] > [functions] package.json contents: {
  "name": "onlineprint4u-functions",
  "description": "Cloud Functions for Online Print 4U",
  "scripts": {
    "lint": "eslint --ext .ts src",
    "build": "tsc",
    "serve": "npm run build && firebase emulators:start --only functions",
    "shell": "npm run build && firebase functions:shell",
    "start": "npm run shell",
    "deploy": "npm run build && firebase deploy --only functions",
    "logs": "firebase functions:log"
  },
  "engines": {
    "node": "20"
  },
  "main": "lib/index.js",
  "dependencies": {
    "firebase-admin": "^11.11.0",
    "firebase-functions": "^4.5.0",
    "nodemailer": "^6.9.14"
  },
  "devDependencies": {
    "@types/nodemailer": "^6.4.15",
    "typescript": "^5.4.0"
  },
  "private": true
}
[debug] [2026-09-15T15:31:16.506Z] Building nodejs source
[debug] [2026-09-15T15:31:16.506Z] Failed to find version of module node: reached end of search path C:\Users\Aryan Kumar\Documents\GitHub\onlineprint4u\functions\node_modules
[warn] !  functions: Your requested "node" version "20" doesn't match your global version "24". Using node@24 from host. 
[info] i  functions: You are using a version of firebase-functions SDK (4.9.0) that does not have support for the newest Firebase Extensions features. Please update firebase-functions SDK to >=5.1.0 to use them correctly 
[debug] [2026-09-15T15:31:16.540Z] Could not find functions.yaml. Must use http discovery
[debug] [2026-09-15T15:31:16.571Z] Found firebase-functions binary at 'C:\Users\Aryan Kumar\Documents\GitHub\onlineprint4u\functions\node_modules\.bin\firebase-functions'
[info] Serving at port 8496

[debug] [2026-09-15T15:31:26.374Z] Got response from /__/functions.yaml {"endpoints":{"orderTrigger":{"platform":"gcfv1","availableMemoryMb":null,"timeoutSeconds":null,"minInstances":null,"maxInstances":null,"ingressSettings":null,"serviceAccountEmail":null,"vpc":null,"region":["asia-south1"],"eventTrigger":{"eventType":"providers/cloud.firestore/eventTypes/document.create","eventFilters":{"resource":"projects/onlineprint4u-a5468/databases/(default)/documents/orders/{orderId}"},"retry":false},"labels":{},"entryPoint":"orderTrigger"},"sendOtp":{"platform":"gcfv1","availableMemoryMb":null,"timeoutSeconds":null,"minInstances":null,"maxInstances":null,"ingressSettings":null,"serviceAccountEmail":null,"vpc":null,"region":["asia-south1"],"httpsTrigger":{},"entryPoint":"sendOtp"},"verifyOtp":{"platform":"gcfv1","availableMemoryMb":null,"timeoutSeconds":null,"minInstances":null,"maxInstances":null,"ingressSettings":null,"serviceAccountEmail":null,"vpc":null,"region":["asia-south1"],"httpsTrigger":{},"entryPoint":"verifyOtp"}},"specVersion":"v1alpha1","requiredAPIs":[]}
[info] +  functions: Loaded functions definitions from source: orderTrigger, sendOtp, verifyOtp. {"metadata":{"emulator":{"name":"functions"},"message":"Loaded functions definitions from source: orderTrigger, sendOtp, verifyOtp."}}
[info] i  functions[asia-south1-orderTrigger]: function ignored because the firestore emulator does not exist or is not running. {"metadata":{"emulator":{"name":"functions"},"message":"function ignored because the firestore emulator does not exist or is not running."}}
[info] +  functions[asia-south1-sendOtp]: http function initialized (http://localhost:5000/onlineprint4u-a5468/asia-south1/sendOtp). {"metadata":{"emulator":{"name":"functions"},"message":"\u001b[1mhttp\u001b[22m function initialized (http://localhost:5000/onlineprint4u-a5468/asia-south1/sendOtp)."}}
[info] +  functions[asia-south1-verifyOtp]: http function initialized (http://localhost:5000/onlineprint4u-a5468/asia-south1/verifyOtp). {"metadata":{"emulator":{"name":"functions"},"message":"\u001b[1mhttp\u001b[22m function initialized (http://localhost:5000/onlineprint4u-a5468/asia-south1/verifyOtp)."}}
